// Jest Snapshot v1, https://goo.gl/fbAQLP

exports[`Footer renders correctly 1`] = `
<div
  className="makeStyles-footer-1"
>
  <div>
    About Us Privacy & Cookies Terms
  </div>
  <div>
    Follow Us: Social network links
  </div>
  <div>
    Made with love in San Francisco
  </div>
</div>
`;
